// Jest Snapshot v1, https://goo.gl/fbAQLP

exports[`<App /> should render and match the snapshot 1`] = `
<ForwardRef>
  <Header />
  <ForwardRef>
    <HelmetWrapper
      defaultTitle="React.js Boilerplate"
      defer={true}
      encodeSpecialCharacters={true}
      titleTemplate="%s - React.js Boilerplate"
    >
      <meta
        content="A React.js Boilerplate application"
        name="description"
      />
    </HelmetWrapper>
    <Switch>
      <Route
        component={[Function]}
        exact={true}
        path="/slogans"
      />
      <Route
        component={[Function]}
        exact={true}
        path="/slogans/add"
      />
      <Redirect
        to="/slogans"
      />
      <Route
        component={[Function]}
        path=""
      />
    </Switch>
    <Footer />
    <GlobalStyleComponent />
  </ForwardRef>
</ForwardRef>
`;
