// Jest Snapshot v1, https://goo.gl/fbAQLP

exports[`<Header /> should render a div 1`] = `
<div
  class="Wrapper-lgt463-0 jsBDVd"
>
  <div
    class="BrandWrapper-z3e7h1-0 clfSsM"
  >
    <span
      class="Span__StyledSpan-jqeibd-0 cTAaZP"
    >
      <span>
        Slogans
      </span>
    </span>
    <span
      class="Span__StyledSpan-jqeibd-0 cgXJsF"
    >
      <span>
        Buzzwordy marketing slogans!
      </span>
    </span>
  </div>
  <div
    class="NavBar-sc-3b48xb-0 kREVGk"
  >
    <a
      class="HeaderLink-sc-1mtyaiv-0 eQrMTa"
      href="/slogans"
      theme="[object Object]"
    >
      <span>
        Slogans
      </span>
    </a>
    <a
      class="HeaderLink-sc-1mtyaiv-0 eQrMTa"
      href="/slogans/add"
      theme="[object Object]"
    >
      <span>
        Add
      </span>
    </a>
  </div>
</div>
`;
